// Jest Snapshot v1, https://goo.gl/fbAQLP

exports[`App component Index should render without crashing 1`] = `"{\\"_reactInternalInstance\\":\\"censored\\"}"`;
